{
  "version": "1.5.0",
  "plugins_used": [
    {"name": "ArtifactoryDetector"},
    {"name": "AWSKeyDetector"},
    {"name": "AzureStorageKeyDetector"},
    {"name": "Base64HighEntropyString", "limit": 4.5},
    {"name": "BasicAuthDetector"},
    {"name": "CloudantDetector"},
    {"name": "DiscordBotTokenDetector"},
    {"name": "GitHubTokenDetector"},
    {"name": "GitLabTokenDetector"},
    {"name": "HexHighEntropyString", "limit": 3.0},
    {"name": "IbmCloudIamDetector"},
    {"name": "IbmCosHmacDetector"},
    {"name": "IPPublicDetector"},
    {"name": "JwtTokenDetector"},
    {"name": "KeywordDetector", "keyword_exclude": ""},
    {"name": "MailchimpDetector"},
    {"name": "NpmDetector"},
    {"name": "OpenAIDetector"},
    {"name": "PrivateKeyDetector"},
    {"name": "PypiTokenDetector"},
    {"name": "SendGridDetector"},
    {"name": "SlackDetector"},
    {"name": "SoftlayerDetector"},
    {"name": "SquareOAuthDetector"},
    {"name": "StripeDetector"},
    {"name": "TelegramBotTokenDetector"},
    {"name": "TwilioKeyDetector"}
  ],
  "filters_used": [
    {"path": "detect_secrets.filters.allowlist.is_line_allowlisted"},
    {"path": "detect_secrets.filters.common.is_ignored_due_to_verification_policies", "min_level": 2},
    {"path": "detect_secrets.filters.heuristic.is_indirect_reference"},
    {"path": "detect_secrets.filters.heuristic.is_likely_id_string"},
    {"path": "detect_secrets.filters.heuristic.is_lock_file"},
    {"path": "detect_secrets.filters.heuristic.is_not_alphanumeric_string"},
    {"path": "detect_secrets.filters.heuristic.is_potential_uuid"},
    {"path": "detect_secrets.filters.heuristic.is_prefixed_with_dollar_sign"},
    {"path": "detect_secrets.filters.heuristic.is_sequential_string"},
    {"path": "detect_secrets.filters.heuristic.is_swagger_file"},
    {"path": "detect_secrets.filters.heuristic.is_templated_secret"},
    {"path": "detect_secrets.filters.regex.should_exclude_file", "pattern": ["^(\\.venv|\\.pytest_cache|\\.ruff_cache)/"]}
  ],
  "results": {
    "tests/security/test_capture_policy_security.py": [
      {
        "type": "Secret Keyword",
        "filename": "tests/security/test_capture_policy_security.py",
        "hashed_secret": "ef696beef1d5e382f6f26b3764f6f16c83999bdb1f08916452d3b34b09b7058a",
        "is_verified": false,
        "line_number": 124
      }
    ],
    "tests/unit/policy/test_policy_matrix.py": [
      {
        "type": "Secret Keyword",
        "filename": "tests/unit/policy/test_policy_matrix.py",
        "hashed_secret": "3e4df35e1821091112b6b27c97518638c70bacff246ba1ac6389551eff140521",
        "is_verified": false,
        "line_number": 587
      }
    ]
  },
  "generated_at": "2026-07-18T02:23:18Z"
}